<html>
<body>
<pre>
<h1>µVision Build Log</h1>
<h2>Tool Versions:</h2>
IDE-Version: µVision V5.29.0.0
Copyright (C) 2019 ARM Ltd and ARM Germany GmbH. All rights reserved.
License Information: a admin, a, LIC=----
 
Tool Versions:
Toolchain:       MDK-Lite  Version: 5.29.0.0
Toolchain Path:  C:\Keil_v5\ARM\ARMCC\Bin
C Compiler:      Armcc.exe V5.06 update 6 (build 750)
Assembler:       Armasm.exe V5.06 update 6 (build 750)
Linker/Locator:  ArmLink.exe V5.06 update 6 (build 750)
Library Manager: ArmAr.exe V5.06 update 6 (build 750)
Hex Converter:   FromElf.exe V5.06 update 6 (build 750)
CPU DLL:         SARMCM3.DLL V5.29.0.0
Dialog DLL:      DCM.DLL V1.17.3.0
Target DLL:      STLink\ST-LINKIII-KEIL_SWO.dll V3.0.7.0
Dialog DLL:      TCM.DLL V1.36.5.0
 
<h2>Project:</h2>
C:\Users\admin\Documents\CubeMx\lcd\MDK-ARM\lcd.uvprojx
Project File Date:  07/20/2025

<h2>Output:</h2>
*** Using Compiler 'V5.06 update 6 (build 750)', folder: 'C:\Keil_v5\ARM\ARMCC\Bin'
Rebuild target 'lcd'
assembling startup_stm32f103xb.s...
compiling stm32f1xx_hal_gpio.c...
compiling stm32f1xx_hal_msp.c...
compiling main.c...
..\LCDLib\lcd.h(21): warning:  #1295-D: Deprecated declaration LCD_Init - give arg types
  void LCD_Init();
..\LCDLib\lcd.h(27): warning:  #1-D: last line of file ends without a newline
  #endif
../Core/Src/main.c: 2 warnings, 0 errors
compiling stm32f1xx_hal.c...
compiling stm32f1xx_hal_dma.c...
compiling stm32f1xx_it.c...
compiling stm32f1xx_hal_cortex.c...
compiling stm32f1xx_hal_gpio_ex.c...
compiling stm32f1xx_hal_pwr.c...
compiling stm32f1xx_hal_rcc_ex.c...
compiling stm32f1xx_hal_rcc.c...
compiling stm32f1xx_hal_exti.c...
compiling system_stm32f1xx.c...
compiling lcd.c...
..\LCDLib\lcd.h(21): warning:  #1295-D: Deprecated declaration LCD_Init - give arg types
  void LCD_Init();
..\LCDLib\lcd.h(27): warning:  #1-D: last line of file ends without a newline
  #endif
..\LCDLib\lcd.c(7): warning:  #188-D: enumerated type mixed with another type
  		HAL_GPIO_WritePin(myLCD.PORT_CF, myLCD.RS, 0); //RS = 0
..\LCDLib\lcd.c(10): warning:  #188-D: enumerated type mixed with another type
  		HAL_GPIO_WritePin(myLCD.PORT_CF, myLCD.RS, 1); //RS = 1
..\LCDLib\lcd.c(13): warning:  #188-D: enumerated type mixed with another type
  	HAL_GPIO_WritePin(myLCD.PORT_DATA, myLCD.D0, (data & 0x01) ? 1 : 0);
..\LCDLib\lcd.c(14): warning:  #188-D: enumerated type mixed with another type
  	HAL_GPIO_WritePin(myLCD.PORT_DATA, myLCD.D1, (data & 0x02) ? 1 : 0);
..\LCDLib\lcd.c(15): warning:  #188-D: enumerated type mixed with another type
  	HAL_GPIO_WritePin(myLCD.PORT_DATA, myLCD.D2, (data & 0x04) ? 1 : 0);
..\LCDLib\lcd.c(16): warning:  #188-D: enumerated type mixed with another type
  	HAL_GPIO_WritePin(myLCD.PORT_DATA, myLCD.D3, (data & 0x08) ? 1 : 0);
..\LCDLib\lcd.c(17): warning:  #188-D: enumerated type mixed with another type
  	HAL_GPIO_WritePin(myLCD.PORT_DATA, myLCD.D4, (data & 0x10) ? 1 : 0);
..\LCDLib\lcd.c(18): warning:  #188-D: enumerated type mixed with another type
  	HAL_GPIO_WritePin(myLCD.PORT_DATA, myLCD.D5, (data & 0x20) ? 1 : 0);
..\LCDLib\lcd.c(19): warning:  #188-D: enumerated type mixed with another type
  	HAL_GPIO_WritePin(myLCD.PORT_DATA, myLCD.D6, (data & 0x40) ? 1 : 0);
..\LCDLib\lcd.c(20): warning:  #188-D: enumerated type mixed with another type
  	HAL_GPIO_WritePin(myLCD.PORT_DATA, myLCD.D7, (data & 0x80) ? 1 : 0);
..\LCDLib\lcd.c(22): warning:  #188-D: enumerated type mixed with another type
  	HAL_GPIO_WritePin(myLCD.PORT_CF, myLCD.E, 0);
..\LCDLib\lcd.c(24): warning:  #188-D: enumerated type mixed with another type
  	HAL_GPIO_WritePin(myLCD.PORT_CF, myLCD.E, 1);
..\LCDLib\lcd.c(26): warning:  #188-D: enumerated type mixed with another type
  	HAL_GPIO_WritePin(myLCD.PORT_CF, myLCD.E, 0);
..\LCDLib\lcd.c(39): warning:  #188-D: enumerated type mixed with another type
  	HAL_GPIO_WritePin(myLCD.PORT_CF, myLCD.RW, 0);
..\LCDLib\lcd.c: 16 warnings, 0 errors
compiling stm32f1xx_hal_flash.c...
compiling stm32f1xx_hal_flash_ex.c...
linking...
Program Size: Code=3144 RO-data=304 RW-data=16 ZI-data=1664  
FromELF: creating hex file...
"lcd\lcd.axf" - 0 Error(s), 18 Warning(s).

<h2>Software Packages used:</h2>

Package Vendor: ARM
                http://www.keil.com/pack/ARM.CMSIS.5.6.0.pack
                ARM.CMSIS.5.6.0
                CMSIS (Cortex Microcontroller Software Interface Standard)
   * Component: CORE Version: 5.3.0

Package Vendor: Keil
                https://www.keil.com/pack/Keil.STM32F1xx_DFP.2.4.1.pack
                Keil.STM32F1xx_DFP.2.4.1
                STMicroelectronics STM32F1 Series Device Support, Drivers and Examples

<h2>Collection of Component include folders:</h2>
  .\RTE\_lcd
  C:\Users\admin\AppData\Local\Arm\Packs\ARM\CMSIS\5.6.0\CMSIS\Core\Include
  C:\Users\admin\AppData\Local\Arm\Packs\Keil\STM32F1xx_DFP\2.4.1\Device\Include

<h2>Collection of Component Files used:</h2>

   * Component: ARM::CMSIS:CORE:5.3.0
Build Time Elapsed:  00:00:03
</pre>
</body>
</html>
