C:/Users/admin/Documents/CubeMx/lcd/Core/Src/main.c:65:6:LCD_Write_Byte	16	static
C:/Users/admin/Documents/CubeMx/lcd/Core/Src/main.c:90:6:LCD_Write_Data	16	static
C:/Users/admin/Documents/CubeMx/lcd/Core/Src/main.c:93:6:LCD_Write_Cmd	16	static
C:/Users/admin/Documents/CubeMx/lcd/Core/Src/main.c:97:6:LCD_Init	8	static
C:/Users/admin/Documents/CubeMx/lcd/Core/Src/main.c:107:6:LCD_Print	16	static
C:/Users/admin/Documents/CubeMx/lcd/Core/Src/main.c:119:5:main	8	static
C:/Users/admin/Documents/CubeMx/lcd/Core/Src/main.c:165:6:SystemClock_Config	72	static
C:/Users/admin/Documents/CubeMx/lcd/Core/Src/main.c:205:13:MX_GPIO_Init	40	static
C:/Users/admin/Documents/CubeMx/lcd/Core/Src/main.c:253:6:Error_Handler	4	static,ignoring_inline_asm
